[WARN] [1785764553.971762083] [hil_cmd_vel_guard]: HIL_CMD_VEL_GUARD_READY armed=False (DISARMED by default) max_linear_speed_mps=0.015 max_angular_speed_rps=0.0
[WARN] [1785764553.987020266] [hil_cmd_vel_guard]: HIL_GUARD_BLOCKED reasons=DISARMED,UPSTREAM_CMD_VEL_PUBLISHER_COUNT_INVALID(0),HEARTBEAT_STALE_OR_MISSING,VIRTUAL_PEER_STALE_OR_MISSING guarded_cmd_vel_publisher_count=1 guarded_publisher_is_self=True
[WARN] [1785764555.037679562] [hil_cmd_vel_guard]: HIL_GUARD_BLOCKED reasons=DISARMED,UPSTREAM_CMD_VEL_PUBLISHER_COUNT_INVALID(0),HEARTBEAT_STALE_OR_MISSING,VIRTUAL_PEER_STALE_OR_MISSING guarded_cmd_vel_publisher_count=1 guarded_publisher_is_self=True
[WARN] [1785764556.038199799] [hil_cmd_vel_guard]: HIL_GUARD_BLOCKED reasons=DISARMED,UPSTREAM_CMD_VEL_PUBLISHER_COUNT_INVALID(0),HEARTBEAT_STALE_OR_MISSING,VIRTUAL_PEER_STALE_OR_MISSING guarded_cmd_vel_publisher_count=1 guarded_publisher_is_self=True
[WARN] [1785764557.038327871] [hil_cmd_vel_guard]: HIL_GUARD_BLOCKED reasons=DISARMED,UPSTREAM_CMD_VEL_PUBLISHER_COUNT_INVALID(0),HEARTBEAT_STALE_OR_MISSING,VIRTUAL_PEER_STALE_OR_MISSING guarded_cmd_vel_publisher_count=1 guarded_publisher_is_self=True
[WARN] [1785764558.089917899] [hil_cmd_vel_guard]: HIL_GUARD_BLOCKED reasons=DISARMED,UPSTREAM_CMD_VEL_PUBLISHER_COUNT_INVALID(0),HEARTBEAT_STALE_OR_MISSING,VIRTUAL_PEER_STALE_OR_MISSING guarded_cmd_vel_publisher_count=1 guarded_publisher_is_self=True
[WARN] [1785764559.138040724] [hil_cmd_vel_guard]: HIL_GUARD_BLOCKED reasons=DISARMED,UPSTREAM_CMD_VEL_PUBLISHER_COUNT_INVALID(0),HEARTBEAT_STALE_OR_MISSING,VIRTUAL_PEER_STALE_OR_MISSING guarded_cmd_vel_publisher_count=1 guarded_publisher_is_self=True
[WARN] [1785764560.186860239] [hil_cmd_vel_guard]: HIL_GUARD_BLOCKED reasons=DISARMED,UPSTREAM_CMD_VEL_PUBLISHER_COUNT_INVALID(0),HEARTBEAT_STALE_OR_MISSING,VIRTUAL_PEER_STALE_OR_MISSING guarded_cmd_vel_publisher_count=1 guarded_publisher_is_self=True
[WARN] [1785764561.191629630] [hil_cmd_vel_guard]: HIL_GUARD_BLOCKED reasons=DISARMED,UPSTREAM_CMD_VEL_PUBLISHER_COUNT_INVALID(0),HEARTBEAT_STALE_OR_MISSING,VIRTUAL_PEER_STALE_OR_MISSING guarded_cmd_vel_publisher_count=1 guarded_publisher_is_self=True
[WARN] [1785764562.236860716] [hil_cmd_vel_guard]: HIL_GUARD_BLOCKED reasons=DISARMED,UPSTREAM_CMD_VEL_PUBLISHER_COUNT_INVALID(0),HEARTBEAT_STALE_OR_MISSING,VIRTUAL_PEER_STALE_OR_MISSING guarded_cmd_vel_publisher_count=1 guarded_publisher_is_self=True
[WARN] [1785764563.252984852] [hil_cmd_vel_guard]: HIL_GUARD_BLOCKED reasons=DISARMED,UPSTREAM_CMD_VEL_PUBLISHER_COUNT_INVALID(0),HEARTBEAT_STALE_OR_MISSING,VIRTUAL_PEER_STALE_OR_MISSING guarded_cmd_vel_publisher_count=1 guarded_publisher_is_self=True
[WARN] [1785764564.292858428] [hil_cmd_vel_guard]: HIL_GUARD_BLOCKED reasons=DISARMED,UPSTREAM_CMD_VEL_PUBLISHER_COUNT_INVALID(0),HEARTBEAT_STALE_OR_MISSING,VIRTUAL_PEER_STALE_OR_MISSING guarded_cmd_vel_publisher_count=1 guarded_publisher_is_self=True
[WARN] [1785764565.339260379] [hil_cmd_vel_guard]: HIL_GUARD_BLOCKED reasons=DISARMED,UPSTREAM_CMD_VEL_PUBLISHER_COUNT_INVALID(0),HEARTBEAT_STALE_OR_MISSING,VIRTUAL_PEER_STALE_OR_MISSING guarded_cmd_vel_publisher_count=1 guarded_publisher_is_self=True
[WARN] [1785764566.340270066] [hil_cmd_vel_guard]: HIL_GUARD_BLOCKED reasons=DISARMED,UPSTREAM_CMD_VEL_PUBLISHER_COUNT_INVALID(0),HEARTBEAT_STALE_OR_MISSING,VIRTUAL_PEER_STALE_OR_MISSING guarded_cmd_vel_publisher_count=1 guarded_publisher_is_self=True
[WARN] [1785764567.391638662] [hil_cmd_vel_guard]: HIL_GUARD_BLOCKED reasons=DISARMED,UPSTREAM_CMD_VEL_PUBLISHER_COUNT_INVALID(0),HEARTBEAT_STALE_OR_MISSING,VIRTUAL_PEER_STALE_OR_MISSING guarded_cmd_vel_publisher_count=1 guarded_publisher_is_self=True
[WARN] [1785764568.440157557] [hil_cmd_vel_guard]: HIL_GUARD_BLOCKED reasons=DISARMED,UPSTREAM_CMD_VEL_PUBLISHER_COUNT_INVALID(0),HEARTBEAT_STALE_OR_MISSING,VIRTUAL_PEER_STALE_OR_MISSING guarded_cmd_vel_publisher_count=1 guarded_publisher_is_self=True
[WARN] [1785764569.488994948] [hil_cmd_vel_guard]: HIL_GUARD_BLOCKED reasons=DISARMED,UPSTREAM_CMD_VEL_PUBLISHER_COUNT_INVALID(0),HEARTBEAT_STALE_OR_MISSING,VIRTUAL_PEER_STALE_OR_MISSING guarded_cmd_vel_publisher_count=1 guarded_publisher_is_self=True
[WARN] [1785764570.534367009] [hil_cmd_vel_guard]: HIL_GUARD_BLOCKED reasons=DISARMED,UPSTREAM_CMD_VEL_PUBLISHER_COUNT_INVALID(0),HEARTBEAT_STALE_OR_MISSING,VIRTUAL_PEER_STALE_OR_MISSING guarded_cmd_vel_publisher_count=1 guarded_publisher_is_self=True
[WARN] [1785764571.539810774] [hil_cmd_vel_guard]: HIL_GUARD_BLOCKED reasons=DISARMED,UPSTREAM_CMD_VEL_PUBLISHER_COUNT_INVALID(0),HEARTBEAT_STALE_OR_MISSING,VIRTUAL_PEER_STALE_OR_MISSING guarded_cmd_vel_publisher_count=1 guarded_publisher_is_self=True
[WARN] [1785764572.589243238] [hil_cmd_vel_guard]: HIL_GUARD_BLOCKED reasons=DISARMED,UPSTREAM_CMD_VEL_PUBLISHER_COUNT_INVALID(0),HEARTBEAT_STALE_OR_MISSING,VIRTUAL_PEER_STALE_OR_MISSING guarded_cmd_vel_publisher_count=1 guarded_publisher_is_self=True
[WARN] [1785764573.594988386] [hil_cmd_vel_guard]: HIL_GUARD_BLOCKED reasons=DISARMED,UPSTREAM_CMD_VEL_PUBLISHER_COUNT_INVALID(0),HEARTBEAT_STALE_OR_MISSING,VIRTUAL_PEER_STALE_OR_MISSING guarded_cmd_vel_publisher_count=1 guarded_publisher_is_self=True
[WARN] [1785764574.638376075] [hil_cmd_vel_guard]: HIL_GUARD_BLOCKED reasons=DISARMED,UPSTREAM_CMD_VEL_PUBLISHER_COUNT_INVALID(0),HEARTBEAT_STALE_OR_MISSING,VIRTUAL_PEER_STALE_OR_MISSING guarded_cmd_vel_publisher_count=1 guarded_publisher_is_self=True
[WARN] [1785764575.638648012] [hil_cmd_vel_guard]: HIL_GUARD_BLOCKED reasons=DISARMED,UPSTREAM_CMD_VEL_PUBLISHER_COUNT_INVALID(0),HEARTBEAT_STALE_OR_MISSING,VIRTUAL_PEER_STALE_OR_MISSING guarded_cmd_vel_publisher_count=1 guarded_publisher_is_self=True
[WARN] [1785764576.658205320] [hil_cmd_vel_guard]: HIL_GUARD_BLOCKED reasons=DISARMED,UPSTREAM_CMD_VEL_PUBLISHER_COUNT_INVALID(0),HEARTBEAT_STALE_OR_MISSING,VIRTUAL_PEER_STALE_OR_MISSING guarded_cmd_vel_publisher_count=1 guarded_publisher_is_self=True
[WARN] [1785764577.689996446] [hil_cmd_vel_guard]: HIL_GUARD_BLOCKED reasons=DISARMED,UPSTREAM_CMD_VEL_PUBLISHER_COUNT_INVALID(0),HEARTBEAT_STALE_OR_MISSING,VIRTUAL_PEER_STALE_OR_MISSING guarded_cmd_vel_publisher_count=1 guarded_publisher_is_self=True
[WARN] [1785764578.736145047] [hil_cmd_vel_guard]: HIL_GUARD_BLOCKED reasons=DISARMED,UPSTREAM_CMD_VEL_PUBLISHER_COUNT_INVALID(0),HEARTBEAT_STALE_OR_MISSING,VIRTUAL_PEER_STALE_OR_MISSING guarded_cmd_vel_publisher_count=1 guarded_publisher_is_self=True
[WARN] [1785764579.740928521] [hil_cmd_vel_guard]: HIL_GUARD_BLOCKED reasons=DISARMED,UPSTREAM_CMD_VEL_PUBLISHER_COUNT_INVALID(0),HEARTBEAT_STALE_OR_MISSING,VIRTUAL_PEER_STALE_OR_MISSING guarded_cmd_vel_publisher_count=1 guarded_publisher_is_self=True
[WARN] [1785764580.790689560] [hil_cmd_vel_guard]: HIL_GUARD_BLOCKED reasons=DISARMED,UPSTREAM_CMD_VEL_PUBLISHER_COUNT_INVALID(0),HEARTBEAT_STALE_OR_MISSING,VIRTUAL_PEER_STALE_OR_MISSING guarded_cmd_vel_publisher_count=1 guarded_publisher_is_self=True
[WARN] [1785764581.790745590] [hil_cmd_vel_guard]: HIL_GUARD_BLOCKED reasons=DISARMED,UPSTREAM_CMD_VEL_PUBLISHER_COUNT_INVALID(0),HEARTBEAT_STALE_OR_MISSING,VIRTUAL_PEER_STALE_OR_MISSING guarded_cmd_vel_publisher_count=1 guarded_publisher_is_self=True
[WARN] [1785764582.840000822] [hil_cmd_vel_guard]: HIL_GUARD_BLOCKED reasons=DISARMED,UPSTREAM_CMD_VEL_PUBLISHER_COUNT_INVALID(0),HEARTBEAT_STALE_OR_MISSING,VIRTUAL_PEER_STALE_OR_MISSING guarded_cmd_vel_publisher_count=1 guarded_publisher_is_self=True
[WARN] [1785764583.894480855] [hil_cmd_vel_guard]: HIL_GUARD_BLOCKED reasons=DISARMED,UPSTREAM_CMD_VEL_PUBLISHER_COUNT_INVALID(0),HEARTBEAT_STALE_OR_MISSING,VIRTUAL_PEER_STALE_OR_MISSING guarded_cmd_vel_publisher_count=1 guarded_publisher_is_self=True
[WARN] [1785764584.940387616] [hil_cmd_vel_guard]: HIL_GUARD_BLOCKED reasons=DISARMED,UPSTREAM_CMD_VEL_PUBLISHER_COUNT_INVALID(0),HEARTBEAT_STALE_OR_MISSING,VIRTUAL_PEER_STALE_OR_MISSING guarded_cmd_vel_publisher_count=1 guarded_publisher_is_self=True
[WARN] [1785764585.988338874] [hil_cmd_vel_guard]: HIL_GUARD_BLOCKED reasons=DISARMED,UPSTREAM_CMD_VEL_PUBLISHER_COUNT_INVALID(0),HEARTBEAT_STALE_OR_MISSING,VIRTUAL_PEER_STALE_OR_MISSING guarded_cmd_vel_publisher_count=1 guarded_publisher_is_self=True
[WARN] [1785764586.991338525] [hil_cmd_vel_guard]: HIL_GUARD_BLOCKED reasons=DISARMED,UPSTREAM_CMD_VEL_PUBLISHER_COUNT_INVALID(0),HEARTBEAT_STALE_OR_MISSING,VIRTUAL_PEER_STALE_OR_MISSING guarded_cmd_vel_publisher_count=1 guarded_publisher_is_self=True
[WARN] [1785764588.040670998] [hil_cmd_vel_guard]: HIL_GUARD_BLOCKED reasons=DISARMED,UPSTREAM_CMD_VEL_PUBLISHER_COUNT_INVALID(0),HEARTBEAT_STALE_OR_MISSING,VIRTUAL_PEER_STALE_OR_MISSING guarded_cmd_vel_publisher_count=1 guarded_publisher_is_self=True
[WARN] [1785764589.089447830] [hil_cmd_vel_guard]: HIL_GUARD_BLOCKED reasons=DISARMED,UPSTREAM_CMD_VEL_PUBLISHER_COUNT_INVALID(0),HEARTBEAT_STALE_OR_MISSING,VIRTUAL_PEER_STALE_OR_MISSING guarded_cmd_vel_publisher_count=1 guarded_publisher_is_self=True
[WARN] [1785764590.091350074] [hil_cmd_vel_guard]: HIL_GUARD_BLOCKED reasons=DISARMED,UPSTREAM_CMD_VEL_PUBLISHER_COUNT_INVALID(0),HEARTBEAT_STALE_OR_MISSING,VIRTUAL_PEER_STALE_OR_MISSING guarded_cmd_vel_publisher_count=1 guarded_publisher_is_self=True
[WARN] [1785764591.140508456] [hil_cmd_vel_guard]: HIL_GUARD_BLOCKED reasons=DISARMED,UPSTREAM_CMD_VEL_PUBLISHER_COUNT_INVALID(0),HEARTBEAT_STALE_OR_MISSING,VIRTUAL_PEER_STALE_OR_MISSING guarded_cmd_vel_publisher_count=1 guarded_publisher_is_self=True
[WARN] [1785764592.154356820] [hil_cmd_vel_guard]: HIL_GUARD_BLOCKED reasons=DISARMED,UPSTREAM_CMD_VEL_PUBLISHER_COUNT_INVALID(0),HEARTBEAT_STALE_OR_MISSING,VIRTUAL_PEER_STALE_OR_MISSING guarded_cmd_vel_publisher_count=1 guarded_publisher_is_self=True
[WARN] [1785764593.188572585] [hil_cmd_vel_guard]: HIL_GUARD_BLOCKED reasons=DISARMED,UPSTREAM_CMD_VEL_PUBLISHER_COUNT_INVALID(0),HEARTBEAT_STALE_OR_MISSING,VIRTUAL_PEER_STALE_OR_MISSING guarded_cmd_vel_publisher_count=1 guarded_publisher_is_self=True
[WARN] [1785764594.192137143] [hil_cmd_vel_guard]: HIL_GUARD_BLOCKED reasons=DISARMED,UPSTREAM_CMD_VEL_PUBLISHER_COUNT_INVALID(0),HEARTBEAT_STALE_OR_MISSING,VIRTUAL_PEER_STALE_OR_MISSING guarded_cmd_vel_publisher_count=1 guarded_publisher_is_self=True
[WARN] [1785764595.194922002] [hil_cmd_vel_guard]: HIL_GUARD_BLOCKED reasons=DISARMED,UPSTREAM_CMD_VEL_PUBLISHER_COUNT_INVALID(0),HEARTBEAT_STALE_OR_MISSING,VIRTUAL_PEER_STALE_OR_MISSING guarded_cmd_vel_publisher_count=1 guarded_publisher_is_self=True
[WARN] [1785764596.237678541] [hil_cmd_vel_guard]: HIL_GUARD_BLOCKED reasons=DISARMED,UPSTREAM_CMD_VEL_PUBLISHER_COUNT_INVALID(0),HEARTBEAT_STALE_OR_MISSING,VIRTUAL_PEER_STALE_OR_MISSING guarded_cmd_vel_publisher_count=1 guarded_publisher_is_self=True
[WARN] [1785764597.238976720] [hil_cmd_vel_guard]: HIL_GUARD_BLOCKED reasons=DISARMED,UPSTREAM_CMD_VEL_PUBLISHER_COUNT_INVALID(0),HEARTBEAT_STALE_OR_MISSING,VIRTUAL_PEER_STALE_OR_MISSING guarded_cmd_vel_publisher_count=1 guarded_publisher_is_self=True
[WARN] [1785764598.239356370] [hil_cmd_vel_guard]: HIL_GUARD_BLOCKED reasons=DISARMED,UPSTREAM_CMD_VEL_PUBLISHER_COUNT_INVALID(0),HEARTBEAT_STALE_OR_MISSING,VIRTUAL_PEER_STALE_OR_MISSING guarded_cmd_vel_publisher_count=1 guarded_publisher_is_self=True
[WARN] [1785764599.240261840] [hil_cmd_vel_guard]: HIL_GUARD_BLOCKED reasons=DISARMED,UPSTREAM_CMD_VEL_PUBLISHER_COUNT_INVALID(0),HEARTBEAT_STALE_OR_MISSING,VIRTUAL_PEER_STALE_OR_MISSING guarded_cmd_vel_publisher_count=1 guarded_publisher_is_self=True
[WARN] [1785764600.288954714] [hil_cmd_vel_guard]: HIL_GUARD_BLOCKED reasons=DISARMED,UPSTREAM_CMD_VEL_PUBLISHER_COUNT_INVALID(0),HEARTBEAT_STALE_OR_MISSING,VIRTUAL_PEER_STALE_OR_MISSING guarded_cmd_vel_publisher_count=1 guarded_publisher_is_self=True
[WARN] [1785764601.338494103] [hil_cmd_vel_guard]: HIL_GUARD_BLOCKED reasons=DISARMED,UPSTREAM_CMD_VEL_PUBLISHER_COUNT_INVALID(0),HEARTBEAT_STALE_OR_MISSING,VIRTUAL_PEER_STALE_OR_MISSING guarded_cmd_vel_publisher_count=1 guarded_publisher_is_self=True
[WARN] [1785764602.338533908] [hil_cmd_vel_guard]: HIL_GUARD_BLOCKED reasons=DISARMED,UPSTREAM_CMD_VEL_PUBLISHER_COUNT_INVALID(0),HEARTBEAT_STALE_OR_MISSING,VIRTUAL_PEER_STALE_OR_MISSING guarded_cmd_vel_publisher_count=1 guarded_publisher_is_self=True
[WARN] [1785764603.343762986] [hil_cmd_vel_guard]: HIL_GUARD_BLOCKED reasons=DISARMED,UPSTREAM_CMD_VEL_PUBLISHER_COUNT_INVALID(0),HEARTBEAT_STALE_OR_MISSING,VIRTUAL_PEER_STALE_OR_MISSING guarded_cmd_vel_publisher_count=1 guarded_publisher_is_self=True
[WARN] [1785764604.390539912] [hil_cmd_vel_guard]: HIL_GUARD_BLOCKED reasons=DISARMED,UPSTREAM_CMD_VEL_PUBLISHER_COUNT_INVALID(0),HEARTBEAT_STALE_OR_MISSING,VIRTUAL_PEER_STALE_OR_MISSING guarded_cmd_vel_publisher_count=1 guarded_publisher_is_self=True
[WARN] [1785764605.438659479] [hil_cmd_vel_guard]: HIL_GUARD_BLOCKED reasons=DISARMED,UPSTREAM_CMD_VEL_PUBLISHER_COUNT_INVALID(0),HEARTBEAT_STALE_OR_MISSING,VIRTUAL_PEER_STALE_OR_MISSING guarded_cmd_vel_publisher_count=1 guarded_publisher_is_self=True
[WARN] [1785764606.439166648] [hil_cmd_vel_guard]: HIL_GUARD_BLOCKED reasons=DISARMED,UPSTREAM_CMD_VEL_PUBLISHER_COUNT_INVALID(0),HEARTBEAT_STALE_OR_MISSING,VIRTUAL_PEER_STALE_OR_MISSING guarded_cmd_vel_publisher_count=1 guarded_publisher_is_self=True
[WARN] [1785764607.491273657] [hil_cmd_vel_guard]: HIL_GUARD_BLOCKED reasons=DISARMED,UPSTREAM_CMD_VEL_PUBLISHER_COUNT_INVALID(0),HEARTBEAT_STALE_OR_MISSING,VIRTUAL_PEER_STALE_OR_MISSING guarded_cmd_vel_publisher_count=1 guarded_publisher_is_self=True
[WARN] [1785764608.491610599] [hil_cmd_vel_guard]: HIL_GUARD_BLOCKED reasons=DISARMED,UPSTREAM_CMD_VEL_PUBLISHER_COUNT_INVALID(0),HEARTBEAT_STALE_OR_MISSING,VIRTUAL_PEER_STALE_OR_MISSING guarded_cmd_vel_publisher_count=1 guarded_publisher_is_self=True
[WARN] [1785764609.536868373] [hil_cmd_vel_guard]: HIL_GUARD_BLOCKED reasons=DISARMED,UPSTREAM_CMD_VEL_PUBLISHER_COUNT_INVALID(0),HEARTBEAT_STALE_OR_MISSING,VIRTUAL_PEER_STALE_OR_MISSING guarded_cmd_vel_publisher_count=1 guarded_publisher_is_self=True
[WARN] [1785764610.537919885] [hil_cmd_vel_guard]: HIL_GUARD_BLOCKED reasons=DISARMED,UPSTREAM_CMD_VEL_PUBLISHER_COUNT_INVALID(0),HEARTBEAT_STALE_OR_MISSING,VIRTUAL_PEER_STALE_OR_MISSING guarded_cmd_vel_publisher_count=1 guarded_publisher_is_self=True
[WARN] [1785764611.585821133] [hil_cmd_vel_guard]: HIL_GUARD_BLOCKED reasons=DISARMED,UPSTREAM_CMD_VEL_PUBLISHER_COUNT_INVALID(0),HEARTBEAT_STALE_OR_MISSING,VIRTUAL_PEER_STALE_OR_MISSING guarded_cmd_vel_publisher_count=1 guarded_publisher_is_self=True
[WARN] [1785764612.594361277] [hil_cmd_vel_guard]: HIL_GUARD_BLOCKED reasons=DISARMED,UPSTREAM_CMD_VEL_PUBLISHER_COUNT_INVALID(0),HEARTBEAT_STALE_OR_MISSING,VIRTUAL_PEER_STALE_OR_MISSING guarded_cmd_vel_publisher_count=1 guarded_publisher_is_self=True
[WARN] [1785764613.595765297] [hil_cmd_vel_guard]: HIL_GUARD_BLOCKED reasons=DISARMED,UPSTREAM_CMD_VEL_PUBLISHER_COUNT_INVALID(0),HEARTBEAT_STALE_OR_MISSING,VIRTUAL_PEER_STALE_OR_MISSING guarded_cmd_vel_publisher_count=1 guarded_publisher_is_self=True
[WARN] [1785764614.640423734] [hil_cmd_vel_guard]: HIL_GUARD_BLOCKED reasons=DISARMED,UPSTREAM_CMD_VEL_PUBLISHER_COUNT_INVALID(0),HEARTBEAT_STALE_OR_MISSING,VIRTUAL_PEER_STALE_OR_MISSING guarded_cmd_vel_publisher_count=1 guarded_publisher_is_self=True
[WARN] [1785764615.645034092] [hil_cmd_vel_guard]: HIL_GUARD_BLOCKED reasons=DISARMED,UPSTREAM_CMD_VEL_PUBLISHER_COUNT_INVALID(0),HEARTBEAT_STALE_OR_MISSING,VIRTUAL_PEER_STALE_OR_MISSING guarded_cmd_vel_publisher_count=1 guarded_publisher_is_self=True
[WARN] [1785764616.692218642] [hil_cmd_vel_guard]: HIL_GUARD_BLOCKED reasons=DISARMED,UPSTREAM_CMD_VEL_PUBLISHER_COUNT_INVALID(0),HEARTBEAT_STALE_OR_MISSING,VIRTUAL_PEER_STALE_OR_MISSING guarded_cmd_vel_publisher_count=1 guarded_publisher_is_self=True
[WARN] [1785764617.738893160] [hil_cmd_vel_guard]: HIL_GUARD_BLOCKED reasons=DISARMED,UPSTREAM_CMD_VEL_PUBLISHER_COUNT_INVALID(0),HEARTBEAT_STALE_OR_MISSING,VIRTUAL_PEER_STALE_OR_MISSING guarded_cmd_vel_publisher_count=1 guarded_publisher_is_self=True
[WARN] [1785764618.788861824] [hil_cmd_vel_guard]: HIL_GUARD_BLOCKED reasons=DISARMED,UPSTREAM_CMD_VEL_PUBLISHER_COUNT_INVALID(0),HEARTBEAT_STALE_OR_MISSING,VIRTUAL_PEER_STALE_OR_MISSING guarded_cmd_vel_publisher_count=1 guarded_publisher_is_self=True
[WARN] [1785764619.790052977] [hil_cmd_vel_guard]: HIL_GUARD_BLOCKED reasons=DISARMED,UPSTREAM_CMD_VEL_PUBLISHER_COUNT_INVALID(0),HEARTBEAT_STALE_OR_MISSING,VIRTUAL_PEER_STALE_OR_MISSING guarded_cmd_vel_publisher_count=1 guarded_publisher_is_self=True
[WARN] [1785764620.790287865] [hil_cmd_vel_guard]: HIL_GUARD_BLOCKED reasons=DISARMED,UPSTREAM_CMD_VEL_PUBLISHER_COUNT_INVALID(0),HEARTBEAT_STALE_OR_MISSING,VIRTUAL_PEER_STALE_OR_MISSING guarded_cmd_vel_publisher_count=1 guarded_publisher_is_self=True
[WARN] [1785764621.812431519] [hil_cmd_vel_guard]: HIL_GUARD_BLOCKED reasons=DISARMED,UPSTREAM_CMD_VEL_PUBLISHER_COUNT_INVALID(0),HEARTBEAT_STALE_OR_MISSING,VIRTUAL_PEER_STALE_OR_MISSING guarded_cmd_vel_publisher_count=1 guarded_publisher_is_self=True
[WARN] [1785764622.845588327] [hil_cmd_vel_guard]: HIL_GUARD_BLOCKED reasons=DISARMED,UPSTREAM_CMD_VEL_PUBLISHER_COUNT_INVALID(0),HEARTBEAT_STALE_OR_MISSING,VIRTUAL_PEER_STALE_OR_MISSING guarded_cmd_vel_publisher_count=1 guarded_publisher_is_self=True
[WARN] [1785764623.888781991] [hil_cmd_vel_guard]: HIL_GUARD_BLOCKED reasons=DISARMED,UPSTREAM_CMD_VEL_PUBLISHER_COUNT_INVALID(0),HEARTBEAT_STALE_OR_MISSING,VIRTUAL_PEER_STALE_OR_MISSING guarded_cmd_vel_publisher_count=1 guarded_publisher_is_self=True
[WARN] [1785764624.889212095] [hil_cmd_vel_guard]: HIL_GUARD_BLOCKED reasons=DISARMED,UPSTREAM_CMD_VEL_PUBLISHER_COUNT_INVALID(0),HEARTBEAT_STALE_OR_MISSING,VIRTUAL_PEER_STALE_OR_MISSING guarded_cmd_vel_publisher_count=1 guarded_publisher_is_self=True
[WARN] [1785764625.937025736] [hil_cmd_vel_guard]: HIL_GUARD_BLOCKED reasons=DISARMED,UPSTREAM_CMD_VEL_PUBLISHER_COUNT_INVALID(0),HEARTBEAT_STALE_OR_MISSING,VIRTUAL_PEER_STALE_OR_MISSING guarded_cmd_vel_publisher_count=1 guarded_publisher_is_self=True
[WARN] [1785764626.941588784] [hil_cmd_vel_guard]: HIL_GUARD_BLOCKED reasons=DISARMED,UPSTREAM_CMD_VEL_PUBLISHER_COUNT_INVALID(0),HEARTBEAT_STALE_OR_MISSING,VIRTUAL_PEER_STALE_OR_MISSING guarded_cmd_vel_publisher_count=1 guarded_publisher_is_self=True
[WARN] [1785764627.991186491] [hil_cmd_vel_guard]: HIL_GUARD_BLOCKED reasons=DISARMED,UPSTREAM_CMD_VEL_PUBLISHER_COUNT_INVALID(0),HEARTBEAT_STALE_OR_MISSING,VIRTUAL_PEER_STALE_OR_MISSING guarded_cmd_vel_publisher_count=1 guarded_publisher_is_self=True
[WARN] [1785764629.037460957] [hil_cmd_vel_guard]: HIL_GUARD_BLOCKED reasons=DISARMED,UPSTREAM_CMD_VEL_PUBLISHER_COUNT_INVALID(0),HEARTBEAT_STALE_OR_MISSING,VIRTUAL_PEER_STALE_OR_MISSING guarded_cmd_vel_publisher_count=1 guarded_publisher_is_self=True
[WARN] [1785764630.038773616] [hil_cmd_vel_guard]: HIL_GUARD_BLOCKED reasons=DISARMED,UPSTREAM_CMD_VEL_PUBLISHER_COUNT_INVALID(0),HEARTBEAT_STALE_OR_MISSING,VIRTUAL_PEER_STALE_OR_MISSING guarded_cmd_vel_publisher_count=1 guarded_publisher_is_self=True
[WARN] [1785764631.089150358] [hil_cmd_vel_guard]: HIL_GUARD_BLOCKED reasons=DISARMED,UPSTREAM_CMD_VEL_PUBLISHER_COUNT_INVALID(0),HEARTBEAT_STALE_OR_MISSING,VIRTUAL_PEER_STALE_OR_MISSING guarded_cmd_vel_publisher_count=1 guarded_publisher_is_self=True
[WARN] [1785764632.090429055] [hil_cmd_vel_guard]: HIL_GUARD_BLOCKED reasons=DISARMED,UPSTREAM_CMD_VEL_PUBLISHER_COUNT_INVALID(0),HEARTBEAT_STALE_OR_MISSING,VIRTUAL_PEER_STALE_OR_MISSING guarded_cmd_vel_publisher_count=1 guarded_publisher_is_self=True
[WARN] [1785764633.139830193] [hil_cmd_vel_guard]: HIL_GUARD_BLOCKED reasons=DISARMED,UPSTREAM_CMD_VEL_PUBLISHER_COUNT_INVALID(0),HEARTBEAT_STALE_OR_MISSING,VIRTUAL_PEER_STALE_OR_MISSING guarded_cmd_vel_publisher_count=1 guarded_publisher_is_self=True
[WARN] [1785764634.187261901] [hil_cmd_vel_guard]: HIL_GUARD_BLOCKED reasons=DISARMED,UPSTREAM_CMD_VEL_PUBLISHER_COUNT_INVALID(0),HEARTBEAT_STALE_OR_MISSING,VIRTUAL_PEER_STALE_OR_MISSING guarded_cmd_vel_publisher_count=1 guarded_publisher_is_self=True
[WARN] [1785764635.190529651] [hil_cmd_vel_guard]: HIL_GUARD_BLOCKED reasons=DISARMED,UPSTREAM_CMD_VEL_PUBLISHER_COUNT_INVALID(0),HEARTBEAT_STALE_OR_MISSING,VIRTUAL_PEER_STALE_OR_MISSING guarded_cmd_vel_publisher_count=1 guarded_publisher_is_self=True
[WARN] [1785764636.242420414] [hil_cmd_vel_guard]: HIL_GUARD_BLOCKED reasons=DISARMED,UPSTREAM_CMD_VEL_PUBLISHER_COUNT_INVALID(0),HEARTBEAT_STALE_OR_MISSING,VIRTUAL_PEER_STALE_OR_MISSING guarded_cmd_vel_publisher_count=1 guarded_publisher_is_self=True
[WARN] [1785764637.287676791] [hil_cmd_vel_guard]: HIL_GUARD_BLOCKED reasons=DISARMED,UPSTREAM_CMD_VEL_PUBLISHER_COUNT_INVALID(0),HEARTBEAT_STALE_OR_MISSING,VIRTUAL_PEER_STALE_OR_MISSING guarded_cmd_vel_publisher_count=1 guarded_publisher_is_self=True
[WARN] [1785764638.338597683] [hil_cmd_vel_guard]: HIL_GUARD_BLOCKED reasons=DISARMED,UPSTREAM_CMD_VEL_PUBLISHER_COUNT_INVALID(0),HEARTBEAT_STALE_OR_MISSING,VIRTUAL_PEER_STALE_OR_MISSING guarded_cmd_vel_publisher_count=1 guarded_publisher_is_self=True
[WARN] [1785764639.343800777] [hil_cmd_vel_guard]: HIL_GUARD_BLOCKED reasons=DISARMED,UPSTREAM_CMD_VEL_PUBLISHER_COUNT_INVALID(0),HEARTBEAT_STALE_OR_MISSING,VIRTUAL_PEER_STALE_OR_MISSING guarded_cmd_vel_publisher_count=1 guarded_publisher_is_self=True
[WARN] [1785764640.387587057] [hil_cmd_vel_guard]: HIL_GUARD_BLOCKED reasons=DISARMED,UPSTREAM_CMD_VEL_PUBLISHER_COUNT_INVALID(0),HEARTBEAT_STALE_OR_MISSING,VIRTUAL_PEER_STALE_OR_MISSING guarded_cmd_vel_publisher_count=1 guarded_publisher_is_self=True
[WARN] [1785764641.389170564] [hil_cmd_vel_guard]: HIL_GUARD_BLOCKED reasons=DISARMED,UPSTREAM_CMD_VEL_PUBLISHER_COUNT_INVALID(0),HEARTBEAT_STALE_OR_MISSING,VIRTUAL_PEER_STALE_OR_MISSING guarded_cmd_vel_publisher_count=1 guarded_publisher_is_self=True
[WARN] [1785764642.437277663] [hil_cmd_vel_guard]: HIL_GUARD_BLOCKED reasons=DISARMED,UPSTREAM_CMD_VEL_PUBLISHER_COUNT_INVALID(0),HEARTBEAT_STALE_OR_MISSING,VIRTUAL_PEER_STALE_OR_MISSING guarded_cmd_vel_publisher_count=1 guarded_publisher_is_self=True
[WARN] [1785764643.551682132] [hil_cmd_vel_guard]: HIL_GUARD_BLOCKED reasons=DISARMED,UPSTREAM_CMD_VEL_PUBLISHER_COUNT_INVALID(0),HEARTBEAT_STALE_OR_MISSING,VIRTUAL_PEER_STALE_OR_MISSING guarded_cmd_vel_publisher_count=1 guarded_publisher_is_self=True
[WARN] [1785764644.590654701] [hil_cmd_vel_guard]: HIL_GUARD_BLOCKED reasons=DISARMED,UPSTREAM_CMD_VEL_PUBLISHER_COUNT_INVALID(0),HEARTBEAT_STALE_OR_MISSING,VIRTUAL_PEER_STALE_OR_MISSING guarded_cmd_vel_publisher_count=1 guarded_publisher_is_self=True
[WARN] [1785764645.635204913] [hil_cmd_vel_guard]: HIL_GUARD_BLOCKED reasons=DISARMED,UPSTREAM_CMD_VEL_PUBLISHER_COUNT_INVALID(0),HEARTBEAT_STALE_OR_MISSING,VIRTUAL_PEER_STALE_OR_MISSING guarded_cmd_vel_publisher_count=1 guarded_publisher_is_self=True
[WARN] [1785764646.638803222] [hil_cmd_vel_guard]: HIL_GUARD_BLOCKED reasons=DISARMED,HEARTBEAT_STALE_OR_MISSING,VIRTUAL_PEER_STALE_OR_MISSING guarded_cmd_vel_publisher_count=1 guarded_publisher_is_self=True
[WARN] [1785764647.686056780] [hil_cmd_vel_guard]: HIL_GUARD_BLOCKED reasons=DISARMED,HEARTBEAT_STALE_OR_MISSING,VIRTUAL_PEER_STALE_OR_MISSING guarded_cmd_vel_publisher_count=1 guarded_publisher_is_self=True
[WARN] [1785764648.688229966] [hil_cmd_vel_guard]: HIL_GUARD_BLOCKED reasons=DISARMED,HEARTBEAT_STALE_OR_MISSING,VIRTUAL_PEER_STALE_OR_MISSING guarded_cmd_vel_publisher_count=1 guarded_publisher_is_self=True
[WARN] [1785764649.689578194] [hil_cmd_vel_guard]: HIL_GUARD_BLOCKED reasons=DISARMED,HEARTBEAT_STALE_OR_MISSING,VIRTUAL_PEER_STALE_OR_MISSING guarded_cmd_vel_publisher_count=1 guarded_publisher_is_self=True
[WARN] [1785764650.736631770] [hil_cmd_vel_guard]: HIL_GUARD_BLOCKED reasons=DISARMED,HEARTBEAT_STALE_OR_MISSING,VIRTUAL_PEER_STALE_OR_MISSING guarded_cmd_vel_publisher_count=1 guarded_publisher_is_self=True
[WARN] [1785764651.738237011] [hil_cmd_vel_guard]: HIL_GUARD_BLOCKED reasons=DISARMED,HEARTBEAT_STALE_OR_MISSING,VIRTUAL_PEER_STALE_OR_MISSING guarded_cmd_vel_publisher_count=1 guarded_publisher_is_self=True
[WARN] [1785764652.788425254] [hil_cmd_vel_guard]: HIL_GUARD_BLOCKED reasons=DISARMED,HEARTBEAT_STALE_OR_MISSING,VIRTUAL_PEER_STALE_OR_MISSING guarded_cmd_vel_publisher_count=1 guarded_publisher_is_self=True
[WARN] [1785764653.837965667] [hil_cmd_vel_guard]: HIL_GUARD_BLOCKED reasons=DISARMED,HEARTBEAT_STALE_OR_MISSING,VIRTUAL_PEER_STALE_OR_MISSING guarded_cmd_vel_publisher_count=1 guarded_publisher_is_self=True
[WARN] [1785764654.888722409] [hil_cmd_vel_guard]: HIL_GUARD_BLOCKED reasons=DISARMED,HEARTBEAT_STALE_OR_MISSING,VIRTUAL_PEER_STALE_OR_MISSING guarded_cmd_vel_publisher_count=1 guarded_publisher_is_self=True
[WARN] [1785764655.939479151] [hil_cmd_vel_guard]: HIL_GUARD_BLOCKED reasons=DISARMED,HEARTBEAT_STALE_OR_MISSING,VIRTUAL_PEER_STALE_OR_MISSING guarded_cmd_vel_publisher_count=1 guarded_publisher_is_self=True
[WARN] [1785764656.989481396] [hil_cmd_vel_guard]: HIL_GUARD_BLOCKED reasons=DISARMED,HEARTBEAT_STALE_OR_MISSING,VIRTUAL_PEER_STALE_OR_MISSING guarded_cmd_vel_publisher_count=1 guarded_publisher_is_self=True
[WARN] [1785764658.038323487] [hil_cmd_vel_guard]: HIL_GUARD_BLOCKED reasons=DISARMED,HEARTBEAT_STALE_OR_MISSING,VIRTUAL_PEER_STALE_OR_MISSING guarded_cmd_vel_publisher_count=1 guarded_publisher_is_self=True
[WARN] [1785764659.086323256] [hil_cmd_vel_guard]: HIL_GUARD_BLOCKED reasons=DISARMED,HEARTBEAT_STALE_OR_MISSING,VIRTUAL_PEER_STALE_OR_MISSING guarded_cmd_vel_publisher_count=1 guarded_publisher_is_self=True
[WARN] [1785764660.089109734] [hil_cmd_vel_guard]: HIL_GUARD_BLOCKED reasons=DISARMED,HEARTBEAT_STALE_OR_MISSING,VIRTUAL_PEER_STALE_OR_MISSING guarded_cmd_vel_publisher_count=1 guarded_publisher_is_self=True
[WARN] [1785764661.138473255] [hil_cmd_vel_guard]: HIL_GUARD_BLOCKED reasons=DISARMED,HEARTBEAT_STALE_OR_MISSING,VIRTUAL_PEER_STALE_OR_MISSING guarded_cmd_vel_publisher_count=1 guarded_publisher_is_self=True
[WARN] [1785764662.188085432] [hil_cmd_vel_guard]: HIL_GUARD_BLOCKED reasons=DISARMED,HEARTBEAT_STALE_OR_MISSING,VIRTUAL_PEER_STALE_OR_MISSING guarded_cmd_vel_publisher_count=1 guarded_publisher_is_self=True
[WARN] [1785764663.188817852] [hil_cmd_vel_guard]: HIL_GUARD_BLOCKED reasons=DISARMED,HEARTBEAT_STALE_OR_MISSING,VIRTUAL_PEER_STALE_OR_MISSING guarded_cmd_vel_publisher_count=1 guarded_publisher_is_self=True
[WARN] [1785764664.237893070] [hil_cmd_vel_guard]: HIL_GUARD_BLOCKED reasons=DISARMED,HEARTBEAT_STALE_OR_MISSING,VIRTUAL_PEER_STALE_OR_MISSING guarded_cmd_vel_publisher_count=1 guarded_publisher_is_self=True
[WARN] [1785764665.288551759] [hil_cmd_vel_guard]: HIL_GUARD_BLOCKED reasons=DISARMED,HEARTBEAT_STALE_OR_MISSING,VIRTUAL_PEER_STALE_OR_MISSING guarded_cmd_vel_publisher_count=1 guarded_publisher_is_self=True
[WARN] [1785764666.290732182] [hil_cmd_vel_guard]: HIL_GUARD_BLOCKED reasons=DISARMED,HEARTBEAT_STALE_OR_MISSING,VIRTUAL_PEER_STALE_OR_MISSING guarded_cmd_vel_publisher_count=1 guarded_publisher_is_self=True
[WARN] [1785764667.339200041] [hil_cmd_vel_guard]: HIL_GUARD_BLOCKED reasons=DISARMED,HEARTBEAT_STALE_OR_MISSING,VIRTUAL_PEER_STALE_OR_MISSING guarded_cmd_vel_publisher_count=1 guarded_publisher_is_self=True
[WARN] [1785764668.339794920] [hil_cmd_vel_guard]: HIL_GUARD_BLOCKED reasons=DISARMED,HEARTBEAT_STALE_OR_MISSING,VIRTUAL_PEER_STALE_OR_MISSING guarded_cmd_vel_publisher_count=1 guarded_publisher_is_self=True
[WARN] [1785764669.390817716] [hil_cmd_vel_guard]: HIL_GUARD_BLOCKED reasons=DISARMED,HEARTBEAT_STALE_OR_MISSING,VIRTUAL_PEER_STALE_OR_MISSING guarded_cmd_vel_publisher_count=1 guarded_publisher_is_self=True
[WARN] [1785764670.439276482] [hil_cmd_vel_guard]: HIL_GUARD_BLOCKED reasons=DISARMED,HEARTBEAT_STALE_OR_MISSING,VIRTUAL_PEER_STALE_OR_MISSING guarded_cmd_vel_publisher_count=1 guarded_publisher_is_self=True
[WARN] [1785764671.491877477] [hil_cmd_vel_guard]: HIL_GUARD_BLOCKED reasons=DISARMED,HEARTBEAT_STALE_OR_MISSING,VIRTUAL_PEER_STALE_OR_MISSING guarded_cmd_vel_publisher_count=1 guarded_publisher_is_self=True
[WARN] [1785764672.539845060] [hil_cmd_vel_guard]: HIL_GUARD_BLOCKED reasons=DISARMED,HEARTBEAT_STALE_OR_MISSING,VIRTUAL_PEER_STALE_OR_MISSING guarded_cmd_vel_publisher_count=1 guarded_publisher_is_self=True
[WARN] [1785764673.591748605] [hil_cmd_vel_guard]: HIL_GUARD_BLOCKED reasons=DISARMED,HEARTBEAT_STALE_OR_MISSING,VIRTUAL_PEER_STALE_OR_MISSING guarded_cmd_vel_publisher_count=1 guarded_publisher_is_self=True
[WARN] [1785764674.641034170] [hil_cmd_vel_guard]: HIL_GUARD_BLOCKED reasons=DISARMED,HEARTBEAT_STALE_OR_MISSING,VIRTUAL_PEER_STALE_OR_MISSING guarded_cmd_vel_publisher_count=1 guarded_publisher_is_self=True
[WARN] [1785764675.690021848] [hil_cmd_vel_guard]: HIL_GUARD_BLOCKED reasons=DISARMED,HEARTBEAT_STALE_OR_MISSING,VIRTUAL_PEER_STALE_OR_MISSING guarded_cmd_vel_publisher_count=1 guarded_publisher_is_self=True
[WARN] [1785764676.695159031] [hil_cmd_vel_guard]: HIL_GUARD_BLOCKED reasons=DISARMED,HEARTBEAT_STALE_OR_MISSING,VIRTUAL_PEER_STALE_OR_MISSING guarded_cmd_vel_publisher_count=1 guarded_publisher_is_self=True
[WARN] [1785764677.726895482] [hil_cmd_vel_guard]: HIL_GUARD_BLOCKED reasons=DISARMED,HEARTBEAT_STALE_OR_MISSING,VIRTUAL_PEER_STALE_OR_MISSING guarded_cmd_vel_publisher_count=1 guarded_publisher_is_self=True
[WARN] [1785764678.738156632] [hil_cmd_vel_guard]: HIL_GUARD_BLOCKED reasons=DISARMED,HEARTBEAT_STALE_OR_MISSING,VIRTUAL_PEER_STALE_OR_MISSING guarded_cmd_vel_publisher_count=1 guarded_publisher_is_self=True
[WARN] [1785764679.788838504] [hil_cmd_vel_guard]: HIL_GUARD_BLOCKED reasons=DISARMED,HEARTBEAT_STALE_OR_MISSING guarded_cmd_vel_publisher_count=1 guarded_publisher_is_self=True
[WARN] [1785764680.791583147] [hil_cmd_vel_guard]: HIL_GUARD_BLOCKED reasons=DISARMED,HEARTBEAT_STALE_OR_MISSING guarded_cmd_vel_publisher_count=1 guarded_publisher_is_self=True
[WARN] [1785764681.838574864] [hil_cmd_vel_guard]: HIL_GUARD_BLOCKED reasons=DISARMED,HEARTBEAT_STALE_OR_MISSING guarded_cmd_vel_publisher_count=1 guarded_publisher_is_self=True
[WARN] [1785764682.888751461] [hil_cmd_vel_guard]: HIL_GUARD_BLOCKED reasons=DISARMED,HEARTBEAT_STALE_OR_MISSING guarded_cmd_vel_publisher_count=1 guarded_publisher_is_self=True
[WARN] [1785764683.889886548] [hil_cmd_vel_guard]: HIL_GUARD_BLOCKED reasons=DISARMED,HEARTBEAT_STALE_OR_MISSING guarded_cmd_vel_publisher_count=1 guarded_publisher_is_self=True
[WARN] [1785764684.937755156] [hil_cmd_vel_guard]: HIL_GUARD_BLOCKED reasons=DISARMED,HEARTBEAT_STALE_OR_MISSING guarded_cmd_vel_publisher_count=1 guarded_publisher_is_self=True
[WARN] [1785764685.938925804] [hil_cmd_vel_guard]: HIL_GUARD_BLOCKED reasons=DISARMED,HEARTBEAT_STALE_OR_MISSING guarded_cmd_vel_publisher_count=1 guarded_publisher_is_self=True
[WARN] [1785764686.987919773] [hil_cmd_vel_guard]: HIL_GUARD_BLOCKED reasons=DISARMED,HEARTBEAT_STALE_OR_MISSING guarded_cmd_vel_publisher_count=1 guarded_publisher_is_self=True
[WARN] [1785764687.992746130] [hil_cmd_vel_guard]: HIL_GUARD_BLOCKED reasons=DISARMED,HEARTBEAT_STALE_OR_MISSING guarded_cmd_vel_publisher_count=1 guarded_publisher_is_self=True
[WARN] [1785764689.036776137] [hil_cmd_vel_guard]: HIL_GUARD_BLOCKED reasons=DISARMED,HEARTBEAT_STALE_OR_MISSING guarded_cmd_vel_publisher_count=1 guarded_publisher_is_self=True
[WARN] [1785764690.087512768] [hil_cmd_vel_guard]: HIL_GUARD_BLOCKED reasons=DISARMED,HEARTBEAT_STALE_OR_MISSING guarded_cmd_vel_publisher_count=1 guarded_publisher_is_self=True
[WARN] [1785764691.088719891] [hil_cmd_vel_guard]: HIL_GUARD_BLOCKED reasons=DISARMED,HEARTBEAT_STALE_OR_MISSING guarded_cmd_vel_publisher_count=1 guarded_publisher_is_self=True
[WARN] [1785764692.090261987] [hil_cmd_vel_guard]: HIL_GUARD_BLOCKED reasons=DISARMED,HEARTBEAT_STALE_OR_MISSING guarded_cmd_vel_publisher_count=1 guarded_publisher_is_self=True
[WARN] [1785764693.092910926] [hil_cmd_vel_guard]: HIL_GUARD_BLOCKED reasons=DISARMED,HEARTBEAT_STALE_OR_MISSING guarded_cmd_vel_publisher_count=1 guarded_publisher_is_self=True
[WARN] [1785764694.140988745] [hil_cmd_vel_guard]: HIL_GUARD_BLOCKED reasons=DISARMED,HEARTBEAT_STALE_OR_MISSING guarded_cmd_vel_publisher_count=1 guarded_publisher_is_self=True
[WARN] [1785764695.190620443] [hil_cmd_vel_guard]: HIL_GUARD_BLOCKED reasons=DISARMED,HEARTBEAT_STALE_OR_MISSING guarded_cmd_vel_publisher_count=1 guarded_publisher_is_self=True
[WARN] [1785764696.241160031] [hil_cmd_vel_guard]: HIL_GUARD_BLOCKED reasons=DISARMED,HEARTBEAT_STALE_OR_MISSING guarded_cmd_vel_publisher_count=1 guarded_publisher_is_self=True
[WARN] [1785764697.291373844] [hil_cmd_vel_guard]: HIL_GUARD_BLOCKED reasons=DISARMED,HEARTBEAT_STALE_OR_MISSING guarded_cmd_vel_publisher_count=1 guarded_publisher_is_self=True
[WARN] [1785764698.341169374] [hil_cmd_vel_guard]: HIL_GUARD_BLOCKED reasons=DISARMED,HEARTBEAT_STALE_OR_MISSING guarded_cmd_vel_publisher_count=1 guarded_publisher_is_self=True
[WARN] [1785764699.389660534] [hil_cmd_vel_guard]: HIL_GUARD_BLOCKED reasons=DISARMED,HEARTBEAT_STALE_OR_MISSING guarded_cmd_vel_publisher_count=1 guarded_publisher_is_self=True
[WARN] [1785764700.438562274] [hil_cmd_vel_guard]: HIL_GUARD_BLOCKED reasons=DISARMED,HEARTBEAT_STALE_OR_MISSING guarded_cmd_vel_publisher_count=1 guarded_publisher_is_self=True
[WARN] [1785764701.439600453] [hil_cmd_vel_guard]: HIL_GUARD_BLOCKED reasons=DISARMED,HEARTBEAT_STALE_OR_MISSING guarded_cmd_vel_publisher_count=1 guarded_publisher_is_self=True
[WARN] [1785764702.439609682] [hil_cmd_vel_guard]: HIL_GUARD_BLOCKED reasons=DISARMED,HEARTBEAT_STALE_OR_MISSING guarded_cmd_vel_publisher_count=1 guarded_publisher_is_self=True
[WARN] [1785764703.443289458] [hil_cmd_vel_guard]: HIL_GUARD_BLOCKED reasons=DISARMED,HEARTBEAT_STALE_OR_MISSING guarded_cmd_vel_publisher_count=1 guarded_publisher_is_self=True
[WARN] [1785764704.489178343] [hil_cmd_vel_guard]: HIL_GUARD_BLOCKED reasons=DISARMED,HEARTBEAT_STALE_OR_MISSING guarded_cmd_vel_publisher_count=1 guarded_publisher_is_self=True
[WARN] [1785764705.489395356] [hil_cmd_vel_guard]: HIL_GUARD_BLOCKED reasons=DISARMED,HEARTBEAT_STALE_OR_MISSING guarded_cmd_vel_publisher_count=1 guarded_publisher_is_self=True
[WARN] [1785764706.489785810] [hil_cmd_vel_guard]: HIL_GUARD_BLOCKED reasons=DISARMED,HEARTBEAT_STALE_OR_MISSING guarded_cmd_vel_publisher_count=1 guarded_publisher_is_self=True
[WARN] [1785764707.491046669] [hil_cmd_vel_guard]: HIL_GUARD_BLOCKED reasons=DISARMED,HEARTBEAT_STALE_OR_MISSING guarded_cmd_vel_publisher_count=1 guarded_publisher_is_self=True
[WARN] [1785764708.539803691] [hil_cmd_vel_guard]: HIL_GUARD_BLOCKED reasons=DISARMED,HEARTBEAT_STALE_OR_MISSING guarded_cmd_vel_publisher_count=1 guarded_publisher_is_self=True
[WARN] [1785764709.591979031] [hil_cmd_vel_guard]: HIL_GUARD_BLOCKED reasons=DISARMED,HEARTBEAT_STALE_OR_MISSING guarded_cmd_vel_publisher_count=1 guarded_publisher_is_self=True
[WARN] [1785764710.638777335] [hil_cmd_vel_guard]: HIL_GUARD_BLOCKED reasons=DISARMED,HEARTBEAT_STALE_OR_MISSING guarded_cmd_vel_publisher_count=1 guarded_publisher_is_self=True
[WARN] [1785764711.638880056] [hil_cmd_vel_guard]: HIL_GUARD_BLOCKED reasons=DISARMED,HEARTBEAT_STALE_OR_MISSING guarded_cmd_vel_publisher_count=1 guarded_publisher_is_self=True
[WARN] [1785764712.688073446] [hil_cmd_vel_guard]: HIL_GUARD_BLOCKED reasons=DISARMED,HEARTBEAT_STALE_OR_MISSING guarded_cmd_vel_publisher_count=1 guarded_publisher_is_self=True
[WARN] [1785764713.689707635] [hil_cmd_vel_guard]: HIL_GUARD_BLOCKED reasons=DISARMED,HEARTBEAT_STALE_OR_MISSING guarded_cmd_vel_publisher_count=1 guarded_publisher_is_self=True
[WARN] [1785764714.690869737] [hil_cmd_vel_guard]: HIL_GUARD_BLOCKED reasons=DISARMED,HEARTBEAT_STALE_OR_MISSING guarded_cmd_vel_publisher_count=1 guarded_publisher_is_self=True
[WARN] [1785764715.737938983] [hil_cmd_vel_guard]: HIL_GUARD_BLOCKED reasons=DISARMED,HEARTBEAT_STALE_OR_MISSING guarded_cmd_vel_publisher_count=1 guarded_publisher_is_self=True
[WARN] [1785764716.740043271] [hil_cmd_vel_guard]: HIL_GUARD_BLOCKED reasons=DISARMED,HEARTBEAT_STALE_OR_MISSING guarded_cmd_vel_publisher_count=1 guarded_publisher_is_self=True
[WARN] [1785764717.788873900] [hil_cmd_vel_guard]: HIL_GUARD_BLOCKED reasons=DISARMED,HEARTBEAT_STALE_OR_MISSING guarded_cmd_vel_publisher_count=1 guarded_publisher_is_self=True
[WARN] [1785764718.837510363] [hil_cmd_vel_guard]: HIL_GUARD_BLOCKED reasons=DISARMED,HEARTBEAT_STALE_OR_MISSING guarded_cmd_vel_publisher_count=1 guarded_publisher_is_self=True
[WARN] [1785764719.838185461] [hil_cmd_vel_guard]: HIL_GUARD_BLOCKED reasons=DISARMED,HEARTBEAT_STALE_OR_MISSING guarded_cmd_vel_publisher_count=1 guarded_publisher_is_self=True
[WARN] [1785764720.838950621] [hil_cmd_vel_guard]: HIL_GUARD_BLOCKED reasons=DISARMED,HEARTBEAT_STALE_OR_MISSING guarded_cmd_vel_publisher_count=1 guarded_publisher_is_self=True
[WARN] [1785764721.840477002] [hil_cmd_vel_guard]: HIL_GUARD_BLOCKED reasons=DISARMED,HEARTBEAT_STALE_OR_MISSING guarded_cmd_vel_publisher_count=1 guarded_publisher_is_self=True
[WARN] [1785764722.894654784] [hil_cmd_vel_guard]: HIL_GUARD_BLOCKED reasons=DISARMED,HEARTBEAT_STALE_OR_MISSING guarded_cmd_vel_publisher_count=1 guarded_publisher_is_self=True
[WARN] [1785764723.938042330] [hil_cmd_vel_guard]: HIL_GUARD_BLOCKED reasons=DISARMED,HEARTBEAT_STALE_OR_MISSING guarded_cmd_vel_publisher_count=1 guarded_publisher_is_self=True
[WARN] [1785764724.989415394] [hil_cmd_vel_guard]: HIL_GUARD_BLOCKED reasons=DISARMED,HEARTBEAT_STALE_OR_MISSING guarded_cmd_vel_publisher_count=1 guarded_publisher_is_self=True
[WARN] [1785764726.038172152] [hil_cmd_vel_guard]: HIL_GUARD_BLOCKED reasons=DISARMED,HEARTBEAT_STALE_OR_MISSING guarded_cmd_vel_publisher_count=1 guarded_publisher_is_self=True
[WARN] [1785764727.038410170] [hil_cmd_vel_guard]: HIL_GUARD_BLOCKED reasons=DISARMED,HEARTBEAT_STALE_OR_MISSING guarded_cmd_vel_publisher_count=1 guarded_publisher_is_self=True
[WARN] [1785764728.092147028] [hil_cmd_vel_guard]: HIL_GUARD_BLOCKED reasons=DISARMED,HEARTBEAT_STALE_OR_MISSING guarded_cmd_vel_publisher_count=1 guarded_publisher_is_self=True
[WARN] [1785764729.141041939] [hil_cmd_vel_guard]: HIL_GUARD_BLOCKED reasons=DISARMED,HEARTBEAT_STALE_OR_MISSING guarded_cmd_vel_publisher_count=1 guarded_publisher_is_self=True
[WARN] [1785764730.194304383] [hil_cmd_vel_guard]: HIL_GUARD_BLOCKED reasons=DISARMED,HEARTBEAT_STALE_OR_MISSING guarded_cmd_vel_publisher_count=1 guarded_publisher_is_self=True
[WARN] [1785764731.240884765] [hil_cmd_vel_guard]: HIL_GUARD_BLOCKED reasons=DISARMED,HEARTBEAT_STALE_OR_MISSING guarded_cmd_vel_publisher_count=1 guarded_publisher_is_self=True
[WARN] [1785764732.290429715] [hil_cmd_vel_guard]: HIL_GUARD_BLOCKED reasons=DISARMED,HEARTBEAT_STALE_OR_MISSING guarded_cmd_vel_publisher_count=1 guarded_publisher_is_self=True
[WARN] [1785764733.338760648] [hil_cmd_vel_guard]: HIL_GUARD_BLOCKED reasons=DISARMED,HEARTBEAT_STALE_OR_MISSING guarded_cmd_vel_publisher_count=1 guarded_publisher_is_self=True
[WARN] [1785764734.339804676] [hil_cmd_vel_guard]: HIL_GUARD_BLOCKED reasons=DISARMED,HEARTBEAT_STALE_OR_MISSING guarded_cmd_vel_publisher_count=1 guarded_publisher_is_self=True
[WARN] [1785764735.390256557] [hil_cmd_vel_guard]: HIL_GUARD_BLOCKED reasons=DISARMED,HEARTBEAT_STALE_OR_MISSING guarded_cmd_vel_publisher_count=1 guarded_publisher_is_self=True
[WARN] [1785764736.115480768] [hil_cmd_vel_guard]: HIL_GUARD_ARM_STATE_CHANGED armed=True
[WARN] [1785764742.622912833] [hil_cmd_vel_guard]: HIL_GUARD_ARM_STATE_CHANGED armed=False
[WARN] [1785764742.637393147] [hil_cmd_vel_guard]: HIL_GUARD_BLOCKED reasons=DISARMED guarded_cmd_vel_publisher_count=1 guarded_publisher_is_self=True
[WARN] [1785764743.642471538] [hil_cmd_vel_guard]: HIL_GUARD_BLOCKED reasons=DISARMED,HEARTBEAT_STALE_OR_MISSING guarded_cmd_vel_publisher_count=1 guarded_publisher_is_self=True
[WARN] [1785764744.692651469] [hil_cmd_vel_guard]: HIL_GUARD_BLOCKED reasons=DISARMED,HEARTBEAT_STALE_OR_MISSING guarded_cmd_vel_publisher_count=1 guarded_publisher_is_self=True
[WARN] [1785764745.738573987] [hil_cmd_vel_guard]: HIL_GUARD_BLOCKED reasons=DISARMED,HEARTBEAT_STALE_OR_MISSING guarded_cmd_vel_publisher_count=1 guarded_publisher_is_self=True
[WARN] [1785764746.797488643] [hil_cmd_vel_guard]: HIL_GUARD_BLOCKED reasons=DISARMED,HEARTBEAT_STALE_OR_MISSING guarded_cmd_vel_publisher_count=1 guarded_publisher_is_self=True
[WARN] [1785764747.840461467] [hil_cmd_vel_guard]: HIL_GUARD_BLOCKED reasons=DISARMED,HEARTBEAT_STALE_OR_MISSING guarded_cmd_vel_publisher_count=1 guarded_publisher_is_self=True
[WARN] [1785764748.840668641] [hil_cmd_vel_guard]: HIL_GUARD_BLOCKED reasons=DISARMED,HEARTBEAT_STALE_OR_MISSING guarded_cmd_vel_publisher_count=1 guarded_publisher_is_self=True
[WARN] [1785764749.891368106] [hil_cmd_vel_guard]: HIL_GUARD_BLOCKED reasons=DISARMED,HEARTBEAT_STALE_OR_MISSING guarded_cmd_vel_publisher_count=1 guarded_publisher_is_self=True
[WARN] [1785764750.941028606] [hil_cmd_vel_guard]: HIL_GUARD_BLOCKED reasons=DISARMED,HEARTBEAT_STALE_OR_MISSING guarded_cmd_vel_publisher_count=1 guarded_publisher_is_self=True
[WARN] [1785764751.989948318] [hil_cmd_vel_guard]: HIL_GUARD_BLOCKED reasons=DISARMED,HEARTBEAT_STALE_OR_MISSING guarded_cmd_vel_publisher_count=1 guarded_publisher_is_self=True
[WARN] [1785764752.991263882] [hil_cmd_vel_guard]: HIL_GUARD_BLOCKED reasons=DISARMED,HEARTBEAT_STALE_OR_MISSING guarded_cmd_vel_publisher_count=1 guarded_publisher_is_self=True
[WARN] [1785764754.043756643] [hil_cmd_vel_guard]: HIL_GUARD_BLOCKED reasons=DISARMED,HEARTBEAT_STALE_OR_MISSING guarded_cmd_vel_publisher_count=1 guarded_publisher_is_self=True
[WARN] [1785764755.091383231] [hil_cmd_vel_guard]: HIL_GUARD_BLOCKED reasons=DISARMED,HEARTBEAT_STALE_OR_MISSING guarded_cmd_vel_publisher_count=1 guarded_publisher_is_self=True
[WARN] [1785764756.138804102] [hil_cmd_vel_guard]: HIL_GUARD_BLOCKED reasons=DISARMED,HEARTBEAT_STALE_OR_MISSING guarded_cmd_vel_publisher_count=1 guarded_publisher_is_self=True
[WARN] [1785764757.139884935] [hil_cmd_vel_guard]: HIL_GUARD_BLOCKED reasons=DISARMED,HEARTBEAT_STALE_OR_MISSING guarded_cmd_vel_publisher_count=1 guarded_publisher_is_self=True
[WARN] [1785764758.189296130] [hil_cmd_vel_guard]: HIL_GUARD_BLOCKED reasons=DISARMED,HEARTBEAT_STALE_OR_MISSING guarded_cmd_vel_publisher_count=1 guarded_publisher_is_self=True
[WARN] [1785764759.238603541] [hil_cmd_vel_guard]: HIL_GUARD_BLOCKED reasons=DISARMED,HEARTBEAT_STALE_OR_MISSING guarded_cmd_vel_publisher_count=1 guarded_publisher_is_self=True
[WARN] [1785764760.292093596] [hil_cmd_vel_guard]: HIL_GUARD_BLOCKED reasons=DISARMED,HEARTBEAT_STALE_OR_MISSING guarded_cmd_vel_publisher_count=1 guarded_publisher_is_self=True
[WARN] [1785764761.340168666] [hil_cmd_vel_guard]: HIL_GUARD_BLOCKED reasons=DISARMED,HEARTBEAT_STALE_OR_MISSING guarded_cmd_vel_publisher_count=1 guarded_publisher_is_self=True
[WARN] [1785764762.341584031] [hil_cmd_vel_guard]: HIL_GUARD_BLOCKED reasons=DISARMED,HEARTBEAT_STALE_OR_MISSING guarded_cmd_vel_publisher_count=1 guarded_publisher_is_self=True
[WARN] [1785764763.391302889] [hil_cmd_vel_guard]: HIL_GUARD_BLOCKED reasons=DISARMED,HEARTBEAT_STALE_OR_MISSING guarded_cmd_vel_publisher_count=1 guarded_publisher_is_self=True
[WARN] [1785764764.392913215] [hil_cmd_vel_guard]: HIL_GUARD_BLOCKED reasons=DISARMED,HEARTBEAT_STALE_OR_MISSING guarded_cmd_vel_publisher_count=1 guarded_publisher_is_self=True
[WARN] [1785764765.439323616] [hil_cmd_vel_guard]: HIL_GUARD_BLOCKED reasons=DISARMED,HEARTBEAT_STALE_OR_MISSING guarded_cmd_vel_publisher_count=1 guarded_publisher_is_self=True
[WARN] [1785764766.440024120] [hil_cmd_vel_guard]: HIL_GUARD_BLOCKED reasons=DISARMED,HEARTBEAT_STALE_OR_MISSING guarded_cmd_vel_publisher_count=1 guarded_publisher_is_self=True
[WARN] [1785764767.491659541] [hil_cmd_vel_guard]: HIL_GUARD_BLOCKED reasons=DISARMED,HEARTBEAT_STALE_OR_MISSING guarded_cmd_vel_publisher_count=1 guarded_publisher_is_self=True
[WARN] [1785764768.539606107] [hil_cmd_vel_guard]: HIL_GUARD_BLOCKED reasons=DISARMED,HEARTBEAT_STALE_OR_MISSING guarded_cmd_vel_publisher_count=1 guarded_publisher_is_self=True
[WARN] [1785764769.539850853] [hil_cmd_vel_guard]: HIL_GUARD_BLOCKED reasons=DISARMED,HEARTBEAT_STALE_OR_MISSING guarded_cmd_vel_publisher_count=1 guarded_publisher_is_self=True
[WARN] [1785764770.542750954] [hil_cmd_vel_guard]: HIL_GUARD_BLOCKED reasons=DISARMED,HEARTBEAT_STALE_OR_MISSING guarded_cmd_vel_publisher_count=1 guarded_publisher_is_self=True
[WARN] [1785764771.590685460] [hil_cmd_vel_guard]: HIL_GUARD_BLOCKED reasons=DISARMED,HEARTBEAT_STALE_OR_MISSING guarded_cmd_vel_publisher_count=1 guarded_publisher_is_self=True
[WARN] [1785764772.592295375] [hil_cmd_vel_guard]: HIL_GUARD_BLOCKED reasons=DISARMED,HEARTBEAT_STALE_OR_MISSING guarded_cmd_vel_publisher_count=1 guarded_publisher_is_self=True
[WARN] [1785764773.640066418] [hil_cmd_vel_guard]: HIL_GUARD_BLOCKED reasons=DISARMED,HEARTBEAT_STALE_OR_MISSING guarded_cmd_vel_publisher_count=1 guarded_publisher_is_self=True
[WARN] [1785764774.691026373] [hil_cmd_vel_guard]: HIL_GUARD_BLOCKED reasons=DISARMED,HEARTBEAT_STALE_OR_MISSING guarded_cmd_vel_publisher_count=1 guarded_publisher_is_self=True
[WARN] [1785764775.739830589] [hil_cmd_vel_guard]: HIL_GUARD_BLOCKED reasons=DISARMED,HEARTBEAT_STALE_OR_MISSING guarded_cmd_vel_publisher_count=1 guarded_publisher_is_self=True
[WARN] [1785764776.741514355] [hil_cmd_vel_guard]: HIL_GUARD_BLOCKED reasons=DISARMED,HEARTBEAT_STALE_OR_MISSING guarded_cmd_vel_publisher_count=1 guarded_publisher_is_self=True
[WARN] [1785764777.789572016] [hil_cmd_vel_guard]: HIL_GUARD_BLOCKED reasons=DISARMED,HEARTBEAT_STALE_OR_MISSING guarded_cmd_vel_publisher_count=1 guarded_publisher_is_self=True
[WARN] [1785764778.792735709] [hil_cmd_vel_guard]: HIL_GUARD_BLOCKED reasons=DISARMED,HEARTBEAT_STALE_OR_MISSING guarded_cmd_vel_publisher_count=1 guarded_publisher_is_self=True
[WARN] [1785764779.838551044] [hil_cmd_vel_guard]: HIL_GUARD_BLOCKED reasons=DISARMED,HEARTBEAT_STALE_OR_MISSING guarded_cmd_vel_publisher_count=1 guarded_publisher_is_self=True
[WARN] [1785764780.844370885] [hil_cmd_vel_guard]: HIL_GUARD_BLOCKED reasons=DISARMED,HEARTBEAT_STALE_OR_MISSING guarded_cmd_vel_publisher_count=1 guarded_publisher_is_self=True
[WARN] [1785764781.889947451] [hil_cmd_vel_guard]: HIL_GUARD_BLOCKED reasons=DISARMED,HEARTBEAT_STALE_OR_MISSING guarded_cmd_vel_publisher_count=1 guarded_publisher_is_self=True
[WARN] [1785764782.890362188] [hil_cmd_vel_guard]: HIL_GUARD_BLOCKED reasons=DISARMED,HEARTBEAT_STALE_OR_MISSING guarded_cmd_vel_publisher_count=1 guarded_publisher_is_self=True
[WARN] [1785764783.941512045] [hil_cmd_vel_guard]: HIL_GUARD_BLOCKED reasons=DISARMED,HEARTBEAT_STALE_OR_MISSING guarded_cmd_vel_publisher_count=1 guarded_publisher_is_self=True
[WARN] [1785764784.989912654] [hil_cmd_vel_guard]: HIL_GUARD_BLOCKED reasons=DISARMED,HEARTBEAT_STALE_OR_MISSING guarded_cmd_vel_publisher_count=1 guarded_publisher_is_self=True
[WARN] [1785764785.991331726] [hil_cmd_vel_guard]: HIL_GUARD_BLOCKED reasons=DISARMED,HEARTBEAT_STALE_OR_MISSING guarded_cmd_vel_publisher_count=1 guarded_publisher_is_self=True
[WARN] [1785764787.041225852] [hil_cmd_vel_guard]: HIL_GUARD_BLOCKED reasons=DISARMED,HEARTBEAT_STALE_OR_MISSING guarded_cmd_vel_publisher_count=1 guarded_publisher_is_self=True
[WARN] [1785764788.041549767] [hil_cmd_vel_guard]: HIL_GUARD_BLOCKED reasons=DISARMED,HEARTBEAT_STALE_OR_MISSING guarded_cmd_vel_publisher_count=1 guarded_publisher_is_self=True
[WARN] [1785764789.092438230] [hil_cmd_vel_guard]: HIL_GUARD_BLOCKED reasons=DISARMED,HEARTBEAT_STALE_OR_MISSING guarded_cmd_vel_publisher_count=1 guarded_publisher_is_self=True
[WARN] [1785764790.093070484] [hil_cmd_vel_guard]: HIL_GUARD_BLOCKED reasons=DISARMED,HEARTBEAT_STALE_OR_MISSING guarded_cmd_vel_publisher_count=1 guarded_publisher_is_self=True
[WARN] [1785764791.140725526] [hil_cmd_vel_guard]: HIL_GUARD_BLOCKED reasons=DISARMED,HEARTBEAT_STALE_OR_MISSING guarded_cmd_vel_publisher_count=1 guarded_publisher_is_self=True
[WARN] [1785764792.142218054] [hil_cmd_vel_guard]: HIL_GUARD_BLOCKED reasons=DISARMED,HEARTBEAT_STALE_OR_MISSING guarded_cmd_vel_publisher_count=1 guarded_publisher_is_self=True
[WARN] [1785764793.193262408] [hil_cmd_vel_guard]: HIL_GUARD_BLOCKED reasons=DISARMED,HEARTBEAT_STALE_OR_MISSING guarded_cmd_vel_publisher_count=1 guarded_publisher_is_self=True
[WARN] [1785764794.240650733] [hil_cmd_vel_guard]: HIL_GUARD_BLOCKED reasons=DISARMED,HEARTBEAT_STALE_OR_MISSING guarded_cmd_vel_publisher_count=1 guarded_publisher_is_self=True
[WARN] [1785764795.294294868] [hil_cmd_vel_guard]: HIL_GUARD_BLOCKED reasons=DISARMED,HEARTBEAT_STALE_OR_MISSING guarded_cmd_vel_publisher_count=1 guarded_publisher_is_self=True
[WARN] [1785764796.340227351] [hil_cmd_vel_guard]: HIL_GUARD_BLOCKED reasons=DISARMED,HEARTBEAT_STALE_OR_MISSING guarded_cmd_vel_publisher_count=1 guarded_publisher_is_self=True
[WARN] [1785764797.390329748] [hil_cmd_vel_guard]: HIL_GUARD_BLOCKED reasons=DISARMED,HEARTBEAT_STALE_OR_MISSING guarded_cmd_vel_publisher_count=1 guarded_publisher_is_self=True
[WARN] [1785764798.393068649] [hil_cmd_vel_guard]: HIL_GUARD_BLOCKED reasons=DISARMED,HEARTBEAT_STALE_OR_MISSING guarded_cmd_vel_publisher_count=1 guarded_publisher_is_self=True
[WARN] [1785764799.438588660] [hil_cmd_vel_guard]: HIL_GUARD_BLOCKED reasons=DISARMED,HEARTBEAT_STALE_OR_MISSING guarded_cmd_vel_publisher_count=1 guarded_publisher_is_self=True
[WARN] [1785764800.441934444] [hil_cmd_vel_guard]: HIL_GUARD_BLOCKED reasons=DISARMED,HEARTBEAT_STALE_OR_MISSING guarded_cmd_vel_publisher_count=1 guarded_publisher_is_self=True
[WARN] [1785764801.455504067] [hil_cmd_vel_guard]: HIL_GUARD_BLOCKED reasons=DISARMED,HEARTBEAT_STALE_OR_MISSING guarded_cmd_vel_publisher_count=1 guarded_publisher_is_self=True
[WARN] [1785764802.489548449] [hil_cmd_vel_guard]: HIL_GUARD_BLOCKED reasons=DISARMED,HEARTBEAT_STALE_OR_MISSING guarded_cmd_vel_publisher_count=1 guarded_publisher_is_self=True
[WARN] [1785764803.491038160] [hil_cmd_vel_guard]: HIL_GUARD_BLOCKED reasons=DISARMED,HEARTBEAT_STALE_OR_MISSING guarded_cmd_vel_publisher_count=1 guarded_publisher_is_self=True
[WARN] [1785764804.493483059] [hil_cmd_vel_guard]: HIL_GUARD_BLOCKED reasons=DISARMED,HEARTBEAT_STALE_OR_MISSING guarded_cmd_vel_publisher_count=1 guarded_publisher_is_self=True
[WARN] [1785764805.538259252] [hil_cmd_vel_guard]: HIL_GUARD_BLOCKED reasons=DISARMED,HEARTBEAT_STALE_OR_MISSING guarded_cmd_vel_publisher_count=1 guarded_publisher_is_self=True
[WARN] [1785764806.590995853] [hil_cmd_vel_guard]: HIL_GUARD_BLOCKED reasons=DISARMED,HEARTBEAT_STALE_OR_MISSING guarded_cmd_vel_publisher_count=1 guarded_publisher_is_self=True
[WARN] [1785764807.642181555] [hil_cmd_vel_guard]: HIL_GUARD_BLOCKED reasons=DISARMED,HEARTBEAT_STALE_OR_MISSING guarded_cmd_vel_publisher_count=1 guarded_publisher_is_self=True
[WARN] [1785764808.688638645] [hil_cmd_vel_guard]: HIL_GUARD_BLOCKED reasons=DISARMED,HEARTBEAT_STALE_OR_MISSING guarded_cmd_vel_publisher_count=1 guarded_publisher_is_self=True
[WARN] [1785764809.690053169] [hil_cmd_vel_guard]: HIL_GUARD_BLOCKED reasons=DISARMED,HEARTBEAT_STALE_OR_MISSING guarded_cmd_vel_publisher_count=1 guarded_publisher_is_self=True
[WARN] [1785764810.738397909] [hil_cmd_vel_guard]: HIL_GUARD_BLOCKED reasons=DISARMED,HEARTBEAT_STALE_OR_MISSING guarded_cmd_vel_publisher_count=1 guarded_publisher_is_self=True
[WARN] [1785764811.788678563] [hil_cmd_vel_guard]: HIL_GUARD_BLOCKED reasons=DISARMED,HEARTBEAT_STALE_OR_MISSING guarded_cmd_vel_publisher_count=1 guarded_publisher_is_self=True
[WARN] [1785764812.791481145] [hil_cmd_vel_guard]: HIL_GUARD_BLOCKED reasons=DISARMED,HEARTBEAT_STALE_OR_MISSING guarded_cmd_vel_publisher_count=1 guarded_publisher_is_self=True
[WARN] [1785764813.836538124] [hil_cmd_vel_guard]: HIL_GUARD_BLOCKED reasons=DISARMED,HEARTBEAT_STALE_OR_MISSING guarded_cmd_vel_publisher_count=1 guarded_publisher_is_self=True
[WARN] [1785764814.841061912] [hil_cmd_vel_guard]: HIL_GUARD_BLOCKED reasons=DISARMED,HEARTBEAT_STALE_OR_MISSING guarded_cmd_vel_publisher_count=1 guarded_publisher_is_self=True
[WARN] [1785764815.890711795] [hil_cmd_vel_guard]: HIL_GUARD_BLOCKED reasons=DISARMED,HEARTBEAT_STALE_OR_MISSING guarded_cmd_vel_publisher_count=1 guarded_publisher_is_self=True
[WARN] [1785764816.937833630] [hil_cmd_vel_guard]: HIL_GUARD_BLOCKED reasons=DISARMED,HEARTBEAT_STALE_OR_MISSING guarded_cmd_vel_publisher_count=1 guarded_publisher_is_self=True
[WARN] [1785764817.938001064] [hil_cmd_vel_guard]: HIL_GUARD_BLOCKED reasons=DISARMED,HEARTBEAT_STALE_OR_MISSING guarded_cmd_vel_publisher_count=1 guarded_publisher_is_self=True
[WARN] [1785764818.939797677] [hil_cmd_vel_guard]: HIL_GUARD_BLOCKED reasons=DISARMED,HEARTBEAT_STALE_OR_MISSING guarded_cmd_vel_publisher_count=1 guarded_publisher_is_self=True
[WARN] [1785764819.941412984] [hil_cmd_vel_guard]: HIL_GUARD_BLOCKED reasons=DISARMED,HEARTBEAT_STALE_OR_MISSING guarded_cmd_vel_publisher_count=1 guarded_publisher_is_self=True
[WARN] [1785764820.993097696] [hil_cmd_vel_guard]: HIL_GUARD_BLOCKED reasons=DISARMED,HEARTBEAT_STALE_OR_MISSING guarded_cmd_vel_publisher_count=1 guarded_publisher_is_self=True
[WARN] [1785764821.993299109] [hil_cmd_vel_guard]: HIL_GUARD_BLOCKED reasons=DISARMED,HEARTBEAT_STALE_OR_MISSING guarded_cmd_vel_publisher_count=1 guarded_publisher_is_self=True
[WARN] [1785764822.993853363] [hil_cmd_vel_guard]: HIL_GUARD_BLOCKED reasons=DISARMED,HEARTBEAT_STALE_OR_MISSING guarded_cmd_vel_publisher_count=1 guarded_publisher_is_self=True
[WARN] [1785764824.040086531] [hil_cmd_vel_guard]: HIL_GUARD_BLOCKED reasons=DISARMED,HEARTBEAT_STALE_OR_MISSING guarded_cmd_vel_publisher_count=1 guarded_publisher_is_self=True
[WARN] [1785764825.093306000] [hil_cmd_vel_guard]: HIL_GUARD_BLOCKED reasons=DISARMED,HEARTBEAT_STALE_OR_MISSING guarded_cmd_vel_publisher_count=1 guarded_publisher_is_self=True
[WARN] [1785764826.139667002] [hil_cmd_vel_guard]: HIL_GUARD_BLOCKED reasons=DISARMED,HEARTBEAT_STALE_OR_MISSING guarded_cmd_vel_publisher_count=1 guarded_publisher_is_self=True
[WARN] [1785764827.139841223] [hil_cmd_vel_guard]: HIL_GUARD_BLOCKED reasons=DISARMED,HEARTBEAT_STALE_OR_MISSING guarded_cmd_vel_publisher_count=1 guarded_publisher_is_self=True
[WARN] [1785764828.192843226] [hil_cmd_vel_guard]: HIL_GUARD_BLOCKED reasons=DISARMED,HEARTBEAT_STALE_OR_MISSING guarded_cmd_vel_publisher_count=1 guarded_publisher_is_self=True
[WARN] [1785764829.193184853] [hil_cmd_vel_guard]: HIL_GUARD_BLOCKED reasons=DISARMED,HEARTBEAT_STALE_OR_MISSING guarded_cmd_vel_publisher_count=1 guarded_publisher_is_self=True
[WARN] [1785764830.241445709] [hil_cmd_vel_guard]: HIL_GUARD_BLOCKED reasons=DISARMED,HEARTBEAT_STALE_OR_MISSING guarded_cmd_vel_publisher_count=1 guarded_publisher_is_self=True
[WARN] [1785764831.290491124] [hil_cmd_vel_guard]: HIL_GUARD_BLOCKED reasons=DISARMED,HEARTBEAT_STALE_OR_MISSING guarded_cmd_vel_publisher_count=1 guarded_publisher_is_self=True
[WARN] [1785764832.339410405] [hil_cmd_vel_guard]: HIL_GUARD_BLOCKED reasons=DISARMED,HEARTBEAT_STALE_OR_MISSING guarded_cmd_vel_publisher_count=1 guarded_publisher_is_self=True
[WARN] [1785764833.342011942] [hil_cmd_vel_guard]: HIL_GUARD_BLOCKED reasons=DISARMED,HEARTBEAT_STALE_OR_MISSING guarded_cmd_vel_publisher_count=1 guarded_publisher_is_self=True
[WARN] [1785764834.389607620] [hil_cmd_vel_guard]: HIL_GUARD_BLOCKED reasons=DISARMED,HEARTBEAT_STALE_OR_MISSING guarded_cmd_vel_publisher_count=1 guarded_publisher_is_self=True
[WARN] [1785764835.390053841] [hil_cmd_vel_guard]: HIL_GUARD_BLOCKED reasons=DISARMED,HEARTBEAT_STALE_OR_MISSING guarded_cmd_vel_publisher_count=1 guarded_publisher_is_self=True
[WARN] [1785764836.438648985] [hil_cmd_vel_guard]: HIL_GUARD_BLOCKED reasons=DISARMED,HEARTBEAT_STALE_OR_MISSING guarded_cmd_vel_publisher_count=1 guarded_publisher_is_self=True
[WARN] [1785764837.441290896] [hil_cmd_vel_guard]: HIL_GUARD_BLOCKED reasons=DISARMED,HEARTBEAT_STALE_OR_MISSING guarded_cmd_vel_publisher_count=1 guarded_publisher_is_self=True
[WARN] [1785764838.491276900] [hil_cmd_vel_guard]: HIL_GUARD_BLOCKED reasons=DISARMED,HEARTBEAT_STALE_OR_MISSING guarded_cmd_vel_publisher_count=1 guarded_publisher_is_self=True
[WARN] [1785764839.493806876] [hil_cmd_vel_guard]: HIL_GUARD_BLOCKED reasons=DISARMED,HEARTBEAT_STALE_OR_MISSING guarded_cmd_vel_publisher_count=1 guarded_publisher_is_self=True
[WARN] [1785764840.539226290] [hil_cmd_vel_guard]: HIL_GUARD_BLOCKED reasons=DISARMED,HEARTBEAT_STALE_OR_MISSING guarded_cmd_vel_publisher_count=1 guarded_publisher_is_self=True
[WARN] [1785764841.539977526] [hil_cmd_vel_guard]: HIL_GUARD_BLOCKED reasons=DISARMED,HEARTBEAT_STALE_OR_MISSING guarded_cmd_vel_publisher_count=1 guarded_publisher_is_self=True
[WARN] [1785764842.593311891] [hil_cmd_vel_guard]: HIL_GUARD_BLOCKED reasons=DISARMED,HEARTBEAT_STALE_OR_MISSING guarded_cmd_vel_publisher_count=1 guarded_publisher_is_self=True
[WARN] [1785764843.641708329] [hil_cmd_vel_guard]: HIL_GUARD_BLOCKED reasons=DISARMED,HEARTBEAT_STALE_OR_MISSING guarded_cmd_vel_publisher_count=1 guarded_publisher_is_self=True
[WARN] [1785764844.691721583] [hil_cmd_vel_guard]: HIL_GUARD_BLOCKED reasons=DISARMED,HEARTBEAT_STALE_OR_MISSING guarded_cmd_vel_publisher_count=1 guarded_publisher_is_self=True
[WARN] [1785764845.696458596] [hil_cmd_vel_guard]: HIL_GUARD_BLOCKED reasons=DISARMED,HEARTBEAT_STALE_OR_MISSING guarded_cmd_vel_publisher_count=1 guarded_publisher_is_self=True
